2026-08-18 02:48:51.818: [INFO] CurrentProfilePath: C:\Users\Asus Menfix\eclipse-workspace\.metadata\.plugins\org.eclipse.swt\EBWebView\Default
2026-08-18 02:48:51.818: [INFO] Profiles total count: 1
2026-08-18 02:48:51.818: [INFO] Profile: name=Perfil 1 path=C:\Users\Asus Menfix\eclipse-workspace\.metadata\.plugins\org.eclipse.swt\EBWebView\Default lastActive=null
2026-08-18 02:48:51.818: [INFO] LastUsedProfileDir: C:\Users\Asus Menfix\eclipse-workspace\.metadata\.plugins\org.eclipse.swt\EBWebView\Default
2026-08-18 02:48:51.818: [INFO] OnDoneLoading sync enabled: 0
2026-08-18 02:48:51.818: [INFO] BookmarkModelLoaded, ids_reassigned: 0
2026-08-18 02:48:51.818: [INFO] BookmarksLoadDropped droppedNodes=0
2026-08-18 02:48:51.818: [INFO] BookmarksSnapshot Startup total=0 bar=0 other=0 mobile=0 showBar=0 showBarNTP=1
2026-08-18 02:49:05.437: [INFO] BookmarksSnapshot Shutdown total=0 bar=0 other=0 mobile=0 showBar=0 showBarNTP=1
2026-08-18 02:49:07.203: [INFO] CurrentProfilePath: C:\Users\Asus Menfix\eclipse-workspace\.metadata\.plugins\org.eclipse.swt\EBWebView\Default
2026-08-18 02:49:07.203: [INFO] Profiles total count: 1
2026-08-18 02:49:07.203: [INFO] Profile: name=Perfil 1 path=C:\Users\Asus Menfix\eclipse-workspace\.metadata\.plugins\org.eclipse.swt\EBWebView\Default lastActive=2026-08-18T02:48:52.824Z
2026-08-18 02:49:07.203: [INFO] LastUsedProfileDir: C:\Users\Asus Menfix\eclipse-workspace\.metadata\.plugins\org.eclipse.swt\EBWebView\Default
2026-08-18 02:49:07.203: [INFO] MostRecentlyActiveProfile: name=Perfil 1 path=C:\Users\Asus Menfix\eclipse-workspace\.metadata\.plugins\org.eclipse.swt\EBWebView\Default lastActive=2026-08-18T02:48:52.824Z
2026-08-18 02:49:07.203: [INFO] OnDoneLoading sync enabled: 0
2026-08-18 02:49:07.203: [INFO] BookmarkModelLoaded, ids_reassigned: 0
2026-08-18 02:49:07.203: [INFO] BookmarksLoadDropped droppedNodes=0
2026-08-18 02:49:07.203: [INFO] BookmarksSnapshot Startup total=0 bar=0 other=0 mobile=0 showBar=0 showBarNTP=1
2026-08-18 04:19:29.211: [INFO] BookmarksSnapshot Shutdown total=0 bar=0 other=0 mobile=0 showBar=0 showBarNTP=1
2026-08-19 15:19:00.707: [INFO] CurrentProfilePath: C:\Users\Asus Menfix\eclipse-workspace\.metadata\.plugins\org.eclipse.swt\EBWebView\Default
2026-08-19 15:19:00.707: [INFO] Profiles total count: 1
2026-08-19 15:19:00.708: [INFO] Profile: name=Perfil 1 path=C:\Users\Asus Menfix\eclipse-workspace\.metadata\.plugins\org.eclipse.swt\EBWebView\Default lastActive=2026-08-18T02:48:52.824Z
2026-08-19 15:19:00.708: [INFO] LastUsedProfileDir: C:\Users\Asus Menfix\eclipse-workspace\.metadata\.plugins\org.eclipse.swt\EBWebView\Default
2026-08-19 15:19:00.708: [INFO] MostRecentlyActiveProfile: name=Perfil 1 path=C:\Users\Asus Menfix\eclipse-workspace\.metadata\.plugins\org.eclipse.swt\EBWebView\Default lastActive=2026-08-18T02:48:52.824Z
2026-08-19 15:19:00.708: [INFO] OnDoneLoading sync enabled: 0
2026-08-19 15:19:00.708: [INFO] BookmarkModelLoaded, ids_reassigned: 0
2026-08-19 15:19:00.708: [INFO] BookmarksLoadDropped droppedNodes=0
2026-08-19 15:19:00.708: [INFO] BookmarksSnapshot Startup total=0 bar=0 other=0 mobile=0 showBar=0 showBarNTP=1
2026-08-19 19:10:25.034: [INFO] BookmarksSnapshot Shutdown total=0 bar=0 other=0 mobile=0 showBar=0 showBarNTP=1
2026-08-20 15:40:33.321: [INFO] CurrentProfilePath: C:\Users\Asus Menfix\eclipse-workspace\.metadata\.plugins\org.eclipse.swt\EBWebView\Default
2026-08-20 15:40:33.321: [INFO] Profiles total count: 1
2026-08-20 15:40:33.321: [INFO] Profile: name=Perfil 1 path=C:\Users\Asus Menfix\eclipse-workspace\.metadata\.plugins\org.eclipse.swt\EBWebView\Default lastActive=2026-08-18T02:48:52.824Z
2026-08-20 15:40:33.321: [INFO] LastUsedProfileDir: C:\Users\Asus Menfix\eclipse-workspace\.metadata\.plugins\org.eclipse.swt\EBWebView\Default
2026-08-20 15:40:33.321: [INFO] MostRecentlyActiveProfile: name=Perfil 1 path=C:\Users\Asus Menfix\eclipse-workspace\.metadata\.plugins\org.eclipse.swt\EBWebView\Default lastActive=2026-08-18T02:48:52.824Z
2026-08-20 15:40:33.321: [INFO] OnDoneLoading sync enabled: 0
2026-08-20 15:40:33.321: [INFO] BookmarkModelLoaded, ids_reassigned: 0
2026-08-20 15:40:33.321: [INFO] BookmarksLoadDropped droppedNodes=0
2026-08-20 15:40:33.321: [INFO] BookmarksSnapshot Startup total=0 bar=0 other=0 mobile=0 showBar=0 showBarNTP=1
2026-08-20 15:40:52.255: [INFO] BookmarksSnapshot Shutdown total=0 bar=0 other=0 mobile=0 showBar=0 showBarNTP=1
2026-08-20 16:57:46.251: [INFO] CurrentProfilePath: C:\Users\Asus Menfix\eclipse-workspace\.metadata\.plugins\org.eclipse.swt\EBWebView\Default
2026-08-20 16:57:46.251: [INFO] Profiles total count: 1
2026-08-20 16:57:46.252: [INFO] Profile: name=Perfil 1 path=C:\Users\Asus Menfix\eclipse-workspace\.metadata\.plugins\org.eclipse.swt\EBWebView\Default lastActive=2026-08-20T15:40:51.145Z
2026-08-20 16:57:46.252: [INFO] LastUsedProfileDir: C:\Users\Asus Menfix\eclipse-workspace\.metadata\.plugins\org.eclipse.swt\EBWebView\Default
2026-08-20 16:57:46.252: [INFO] MostRecentlyActiveProfile: name=Perfil 1 path=C:\Users\Asus Menfix\eclipse-workspace\.metadata\.plugins\org.eclipse.swt\EBWebView\Default lastActive=2026-08-20T15:40:51.145Z
2026-08-20 16:57:46.252: [INFO] OnDoneLoading sync enabled: 0
2026-08-20 16:57:46.252: [INFO] BookmarkModelLoaded, ids_reassigned: 0
2026-08-20 16:57:46.252: [INFO] BookmarksLoadDropped droppedNodes=0
2026-08-20 16:57:46.252: [INFO] BookmarksSnapshot Startup total=0 bar=0 other=0 mobile=0 showBar=0 showBarNTP=1
2026-08-20 17:08:12.425: [INFO] BookmarksSnapshot Shutdown total=0 bar=0 other=0 mobile=0 showBar=0 showBarNTP=1
2026-08-21 14:29:52.860: [INFO] CurrentProfilePath: C:\Users\Asus Menfix\eclipse-workspace\.metadata\.plugins\org.eclipse.swt\EBWebView\Default
2026-08-21 14:29:52.860: [INFO] Profiles total count: 1
2026-08-21 14:29:52.972: [INFO] Profile: name=Perfil 1 path=C:\Users\Asus Menfix\eclipse-workspace\.metadata\.plugins\org.eclipse.swt\EBWebView\Default lastActive=2026-08-20T15:40:51.145Z
2026-08-21 14:29:52.972: [INFO] LastUsedProfileDir: C:\Users\Asus Menfix\eclipse-workspace\.metadata\.plugins\org.eclipse.swt\EBWebView\Default
2026-08-21 14:29:52.972: [INFO] MostRecentlyActiveProfile: name=Perfil 1 path=C:\Users\Asus Menfix\eclipse-workspace\.metadata\.plugins\org.eclipse.swt\EBWebView\Default lastActive=2026-08-20T15:40:51.145Z
2026-08-21 14:29:52.972: [INFO] OnDoneLoading sync enabled: 0
2026-08-21 14:29:52.972: [INFO] BookmarkModelLoaded, ids_reassigned: 0
2026-08-21 14:29:52.972: [INFO] BookmarksLoadDropped droppedNodes=0
2026-08-21 14:29:52.972: [INFO] BookmarksSnapshot Startup total=0 bar=0 other=0 mobile=0 showBar=0 showBarNTP=1
2026-08-21 20:27:51.505: [INFO] BookmarksSnapshot Shutdown total=0 bar=0 other=0 mobile=0 showBar=0 showBarNTP=1
2026-08-22 00:28:27.429: [INFO] CurrentProfilePath: C:\Users\Asus Menfix\eclipse-workspace\.metadata\.plugins\org.eclipse.swt\EBWebView\Default
2026-08-22 00:28:27.429: [INFO] Profiles total count: 1
2026-08-22 00:28:28.244: [INFO] Profile: name=Perfil 1 path=C:\Users\Asus Menfix\eclipse-workspace\.metadata\.plugins\org.eclipse.swt\EBWebView\Default lastActive=2026-08-21T14:30:00.146Z
2026-08-22 00:28:28.244: [INFO] LastUsedProfileDir: C:\Users\Asus Menfix\eclipse-workspace\.metadata\.plugins\org.eclipse.swt\EBWebView\Default
2026-08-22 00:28:28.244: [INFO] MostRecentlyActiveProfile: name=Perfil 1 path=C:\Users\Asus Menfix\eclipse-workspace\.metadata\.plugins\org.eclipse.swt\EBWebView\Default lastActive=2026-08-21T14:30:00.146Z
2026-08-22 00:28:28.244: [INFO] OnDoneLoading sync enabled: 0
2026-08-22 00:28:28.244: [INFO] BookmarkModelLoaded, ids_reassigned: 0
2026-08-22 00:28:28.244: [INFO] BookmarksLoadDropped droppedNodes=0
2026-08-22 00:28:28.244: [INFO] BookmarksSnapshot Startup total=0 bar=0 other=0 mobile=0 showBar=0 showBarNTP=1
2026-08-24 15:07:18.490: [INFO] CurrentProfilePath: C:\Users\Asus Menfix\eclipse-workspace\.metadata\.plugins\org.eclipse.swt\EBWebView\Default
2026-08-24 15:07:18.490: [INFO] Profiles total count: 1
2026-08-24 15:07:18.490: [INFO] Profile: name=Perfil 1 path=C:\Users\Asus Menfix\eclipse-workspace\.metadata\.plugins\org.eclipse.swt\EBWebView\Default lastActive=2026-08-21T14:30:00.146Z
2026-08-24 15:07:18.490: [INFO] LastUsedProfileDir: C:\Users\Asus Menfix\eclipse-workspace\.metadata\.plugins\org.eclipse.swt\EBWebView\Default
2026-08-24 15:07:18.490: [INFO] MostRecentlyActiveProfile: name=Perfil 1 path=C:\Users\Asus Menfix\eclipse-workspace\.metadata\.plugins\org.eclipse.swt\EBWebView\Default lastActive=2026-08-21T14:30:00.146Z
2026-08-24 15:07:18.490: [INFO] OnDoneLoading sync enabled: 0
2026-08-24 15:07:18.490: [INFO] BookmarkModelLoaded, ids_reassigned: 0
2026-08-24 15:07:18.490: [INFO] BookmarksLoadDropped droppedNodes=0
2026-08-24 15:07:18.490: [INFO] BookmarksSnapshot Startup total=0 bar=0 other=0 mobile=0 showBar=0 showBarNTP=1
2026-08-25 16:34:12.893: [INFO] CurrentProfilePath: C:\Users\Asus Menfix\eclipse-workspace\.metadata\.plugins\org.eclipse.swt\EBWebView\Default
2026-08-25 16:34:12.893: [INFO] Profiles total count: 1
2026-08-25 16:34:12.894: [INFO] Profile: name=Perfil 1 path=C:\Users\Asus Menfix\eclipse-workspace\.metadata\.plugins\org.eclipse.swt\EBWebView\Default lastActive=2026-08-21T14:30:00.146Z
2026-08-25 16:34:12.894: [INFO] LastUsedProfileDir: C:\Users\Asus Menfix\eclipse-workspace\.metadata\.plugins\org.eclipse.swt\EBWebView\Default
2026-08-25 16:34:12.894: [INFO] MostRecentlyActiveProfile: name=Perfil 1 path=C:\Users\Asus Menfix\eclipse-workspace\.metadata\.plugins\org.eclipse.swt\EBWebView\Default lastActive=2026-08-21T14:30:00.146Z
2026-08-25 16:34:12.894: [INFO] OnDoneLoading sync enabled: 0
2026-08-25 16:34:12.894: [INFO] BookmarkModelLoaded, ids_reassigned: 0
2026-08-25 16:34:12.894: [INFO] BookmarksLoadDropped droppedNodes=0
2026-08-25 16:34:12.894: [INFO] BookmarksSnapshot Startup total=0 bar=0 other=0 mobile=0 showBar=0 showBarNTP=1
2026-08-25 17:25:24.010: [INFO] BookmarksSnapshot Shutdown total=0 bar=0 other=0 mobile=0 showBar=0 showBarNTP=1
2026-08-26 14:37:00.122: [INFO] CurrentProfilePath: C:\Users\Asus Menfix\eclipse-workspace\.metadata\.plugins\org.eclipse.swt\EBWebView\Default
2026-08-26 14:37:00.122: [INFO] Profiles total count: 1
2026-08-26 14:37:00.122: [INFO] Profile: name=Perfil 1 path=C:\Users\Asus Menfix\eclipse-workspace\.metadata\.plugins\org.eclipse.swt\EBWebView\Default lastActive=2026-08-25T16:35:15.713Z
2026-08-26 14:37:00.122: [INFO] LastUsedProfileDir: C:\Users\Asus Menfix\eclipse-workspace\.metadata\.plugins\org.eclipse.swt\EBWebView\Default
2026-08-26 14:37:00.122: [INFO] MostRecentlyActiveProfile: name=Perfil 1 path=C:\Users\Asus Menfix\eclipse-workspace\.metadata\.plugins\org.eclipse.swt\EBWebView\Default lastActive=2026-08-25T16:35:15.713Z
2026-08-26 14:37:00.122: [INFO] OnDoneLoading sync enabled: 0
2026-08-26 14:37:00.122: [INFO] BookmarkModelLoaded, ids_reassigned: 0
2026-08-26 14:37:00.123: [INFO] BookmarksLoadDropped droppedNodes=0
2026-08-26 14:37:00.123: [INFO] BookmarksSnapshot Startup total=0 bar=0 other=0 mobile=0 showBar=0 showBarNTP=1
2026-08-26 14:37:06.143: [INFO] BookmarksSnapshot Shutdown total=0 bar=0 other=0 mobile=0 showBar=0 showBarNTP=1
2026-08-26 15:01:25.730: [INFO] CurrentProfilePath: C:\Users\Asus Menfix\eclipse-workspace\.metadata\.plugins\org.eclipse.swt\EBWebView\Default
2026-08-26 15:01:25.730: [INFO] Profiles total count: 1
2026-08-26 15:01:25.731: [INFO] Profile: name=Perfil 1 path=C:\Users\Asus Menfix\eclipse-workspace\.metadata\.plugins\org.eclipse.swt\EBWebView\Default lastActive=2026-08-26T14:37:03.060Z
2026-08-26 15:01:25.731: [INFO] LastUsedProfileDir: C:\Users\Asus Menfix\eclipse-workspace\.metadata\.plugins\org.eclipse.swt\EBWebView\Default
2026-08-26 15:01:25.731: [INFO] MostRecentlyActiveProfile: name=Perfil 1 path=C:\Users\Asus Menfix\eclipse-workspace\.metadata\.plugins\org.eclipse.swt\EBWebView\Default lastActive=2026-08-26T14:37:03.060Z
2026-08-26 15:01:25.731: [INFO] OnDoneLoading sync enabled: 0
2026-08-26 15:01:25.731: [INFO] BookmarkModelLoaded, ids_reassigned: 0
2026-08-26 15:01:25.731: [INFO] BookmarksLoadDropped droppedNodes=0
2026-08-26 15:01:25.731: [INFO] BookmarksSnapshot Startup total=0 bar=0 other=0 mobile=0 showBar=0 showBarNTP=1
2026-08-26 15:04:06.264: [INFO] BookmarksSnapshot Shutdown total=0 bar=0 other=0 mobile=0 showBar=0 showBarNTP=1
2026-08-26 15:05:04.391: [INFO] CurrentProfilePath: C:\Users\Asus Menfix\eclipse-workspace\.metadata\.plugins\org.eclipse.swt\EBWebView\Default
2026-08-26 15:05:04.391: [INFO] Profiles total count: 1
2026-08-26 15:05:04.392: [INFO] Profile: name=Perfil 1 path=C:\Users\Asus Menfix\eclipse-workspace\.metadata\.plugins\org.eclipse.swt\EBWebView\Default lastActive=2026-08-26T14:37:03.060Z
2026-08-26 15:05:04.392: [INFO] LastUsedProfileDir: C:\Users\Asus Menfix\eclipse-workspace\.metadata\.plugins\org.eclipse.swt\EBWebView\Default
2026-08-26 15:05:04.392: [INFO] MostRecentlyActiveProfile: name=Perfil 1 path=C:\Users\Asus Menfix\eclipse-workspace\.metadata\.plugins\org.eclipse.swt\EBWebView\Default lastActive=2026-08-26T14:37:03.060Z
2026-08-26 15:05:04.392: [INFO] OnDoneLoading sync enabled: 0
2026-08-26 15:05:04.392: [INFO] BookmarkModelLoaded, ids_reassigned: 0
2026-08-26 15:05:04.392: [INFO] BookmarksLoadDropped droppedNodes=0
2026-08-26 15:05:04.392: [INFO] BookmarksSnapshot Startup total=0 bar=0 other=0 mobile=0 showBar=0 showBarNTP=1
2026-08-26 15:06:29.166: [INFO] BookmarksSnapshot Shutdown total=0 bar=0 other=0 mobile=0 showBar=0 showBarNTP=1
2026-08-26 15:25:35.830: [INFO] CurrentProfilePath: C:\Users\Asus Menfix\eclipse-workspace\.metadata\.plugins\org.eclipse.swt\EBWebView\Default
2026-08-26 15:25:35.830: [INFO] Profiles total count: 1
2026-08-26 15:25:35.831: [INFO] Profile: name=Perfil 1 path=C:\Users\Asus Menfix\eclipse-workspace\.metadata\.plugins\org.eclipse.swt\EBWebView\Default lastActive=2026-08-26T14:37:03.060Z
2026-08-26 15:25:35.831: [INFO] LastUsedProfileDir: C:\Users\Asus Menfix\eclipse-workspace\.metadata\.plugins\org.eclipse.swt\EBWebView\Default
2026-08-26 15:25:35.831: [INFO] MostRecentlyActiveProfile: name=Perfil 1 path=C:\Users\Asus Menfix\eclipse-workspace\.metadata\.plugins\org.eclipse.swt\EBWebView\Default lastActive=2026-08-26T14:37:03.060Z
2026-08-26 15:25:35.831: [INFO] OnDoneLoading sync enabled: 0
2026-08-26 15:25:35.831: [INFO] BookmarkModelLoaded, ids_reassigned: 0
2026-08-26 15:25:35.831: [INFO] BookmarksLoadDropped droppedNodes=0
2026-08-26 15:25:35.831: [INFO] BookmarksSnapshot Startup total=0 bar=0 other=0 mobile=0 showBar=0 showBarNTP=1
2026-08-26 22:08:39.743: [INFO] CurrentProfilePath: C:\Users\Asus Menfix\eclipse-workspace\.metadata\.plugins\org.eclipse.swt\EBWebView\Default
2026-08-26 22:08:39.743: [INFO] Profiles total count: 1
2026-08-26 22:08:39.743: [INFO] Profile: name=Perfil 1 path=C:\Users\Asus Menfix\eclipse-workspace\.metadata\.plugins\org.eclipse.swt\EBWebView\Default lastActive=2026-08-26T14:37:03.060Z
2026-08-26 22:08:39.743: [INFO] LastUsedProfileDir: C:\Users\Asus Menfix\eclipse-workspace\.metadata\.plugins\org.eclipse.swt\EBWebView\Default
2026-08-26 22:08:39.743: [INFO] MostRecentlyActiveProfile: name=Perfil 1 path=C:\Users\Asus Menfix\eclipse-workspace\.metadata\.plugins\org.eclipse.swt\EBWebView\Default lastActive=2026-08-26T14:37:03.060Z
2026-08-26 22:08:39.743: [INFO] OnDoneLoading sync enabled: 0
2026-08-26 22:08:39.743: [INFO] BookmarkModelLoaded, ids_reassigned: 0
2026-08-26 22:08:39.743: [INFO] BookmarksLoadDropped droppedNodes=0
2026-08-26 22:08:39.743: [INFO] BookmarksSnapshot Startup total=0 bar=0 other=0 mobile=0 showBar=0 showBarNTP=1
2026-08-27 17:10:32.274: [INFO] BookmarksSnapshot Shutdown total=0 bar=0 other=0 mobile=0 showBar=0 showBarNTP=1
2026-08-28 11:50:39.499: [INFO] CurrentProfilePath: C:\Users\Asus Menfix\eclipse-workspace\.metadata\.plugins\org.eclipse.swt\EBWebView\Default
2026-08-28 11:50:39.499: [INFO] Profiles total count: 1
2026-08-28 11:50:39.499: [INFO] Profile: name=Perfil 1 path=C:\Users\Asus Menfix\eclipse-workspace\.metadata\.plugins\org.eclipse.swt\EBWebView\Default lastActive=2026-08-26T14:37:03.060Z
2026-08-28 11:50:39.499: [INFO] LastUsedProfileDir: C:\Users\Asus Menfix\eclipse-workspace\.metadata\.plugins\org.eclipse.swt\EBWebView\Default
2026-08-28 11:50:39.499: [INFO] MostRecentlyActiveProfile: name=Perfil 1 path=C:\Users\Asus Menfix\eclipse-workspace\.metadata\.plugins\org.eclipse.swt\EBWebView\Default lastActive=2026-08-26T14:37:03.060Z
2026-08-28 11:50:39.499: [INFO] OnDoneLoading sync enabled: 0
2026-08-28 11:50:39.499: [INFO] BookmarkModelLoaded, ids_reassigned: 0
2026-08-28 11:50:39.499: [INFO] BookmarksLoadDropped droppedNodes=0
2026-08-28 11:50:39.499: [INFO] BookmarksSnapshot Startup total=0 bar=0 other=0 mobile=0 showBar=0 showBarNTP=1
2026-08-28 14:54:41.032: [INFO] CurrentProfilePath: C:\Users\Asus Menfix\eclipse-workspace\.metadata\.plugins\org.eclipse.swt\EBWebView\Default
2026-08-28 14:54:41.032: [INFO] Profiles total count: 1
2026-08-28 14:54:41.032: [INFO] Profile: name=Perfil 1 path=C:\Users\Asus Menfix\eclipse-workspace\.metadata\.plugins\org.eclipse.swt\EBWebView\Default lastActive=2026-08-26T14:37:03.060Z
2026-08-28 14:54:41.032: [INFO] LastUsedProfileDir: C:\Users\Asus Menfix\eclipse-workspace\.metadata\.plugins\org.eclipse.swt\EBWebView\Default
2026-08-28 14:54:41.032: [INFO] MostRecentlyActiveProfile: name=Perfil 1 path=C:\Users\Asus Menfix\eclipse-workspace\.metadata\.plugins\org.eclipse.swt\EBWebView\Default lastActive=2026-08-26T14:37:03.060Z
2026-08-28 14:54:41.032: [INFO] OnDoneLoading sync enabled: 0
2026-08-28 14:54:41.032: [INFO] BookmarkModelLoaded, ids_reassigned: 0
2026-08-28 14:54:41.032: [INFO] BookmarksLoadDropped droppedNodes=0
2026-08-28 14:54:41.032: [INFO] BookmarksSnapshot Startup total=0 bar=0 other=0 mobile=0 showBar=0 showBarNTP=1
2026-08-28 15:14:03.975: [INFO] BookmarksSnapshot Shutdown total=0 bar=0 other=0 mobile=0 showBar=0 showBarNTP=1
2026-08-28 15:17:04.656: [INFO] CurrentProfilePath: C:\Users\Asus Menfix\eclipse-workspace\.metadata\.plugins\org.eclipse.swt\EBWebView\Default
2026-08-28 15:17:04.656: [INFO] Profiles total count: 1
2026-08-28 15:17:04.656: [INFO] Profile: name=Perfil 1 path=C:\Users\Asus Menfix\eclipse-workspace\.metadata\.plugins\org.eclipse.swt\EBWebView\Default lastActive=2026-08-28T15:07:23.609Z
2026-08-28 15:17:04.656: [INFO] LastUsedProfileDir: C:\Users\Asus Menfix\eclipse-workspace\.metadata\.plugins\org.eclipse.swt\EBWebView\Default
2026-08-28 15:17:04.656: [INFO] MostRecentlyActiveProfile: name=Perfil 1 path=C:\Users\Asus Menfix\eclipse-workspace\.metadata\.plugins\org.eclipse.swt\EBWebView\Default lastActive=2026-08-28T15:07:23.609Z
2026-08-28 15:17:04.656: [INFO] OnDoneLoading sync enabled: 0
2026-08-28 15:17:04.656: [INFO] BookmarkModelLoaded, ids_reassigned: 0
2026-08-28 15:17:04.656: [INFO] BookmarksLoadDropped droppedNodes=0
2026-08-28 15:17:04.656: [INFO] BookmarksSnapshot Startup total=0 bar=0 other=0 mobile=0 showBar=0 showBarNTP=1
2026-08-28 15:17:04.831: [INFO] BookmarksSnapshot Shutdown total=0 bar=0 other=0 mobile=0 showBar=0 showBarNTP=1
2026-08-28 15:17:59.138: [INFO] CurrentProfilePath: C:\Users\Asus Menfix\eclipse-workspace\.metadata\.plugins\org.eclipse.swt\EBWebView\Default
2026-08-28 15:17:59.138: [INFO] Profiles total count: 1
2026-08-28 15:17:59.139: [INFO] Profile: name=Perfil 1 path=C:\Users\Asus Menfix\eclipse-workspace\.metadata\.plugins\org.eclipse.swt\EBWebView\Default lastActive=2026-08-28T15:07:23.609Z
2026-08-28 15:17:59.139: [INFO] LastUsedProfileDir: C:\Users\Asus Menfix\eclipse-workspace\.metadata\.plugins\org.eclipse.swt\EBWebView\Default
2026-08-28 15:17:59.139: [INFO] MostRecentlyActiveProfile: name=Perfil 1 path=C:\Users\Asus Menfix\eclipse-workspace\.metadata\.plugins\org.eclipse.swt\EBWebView\Default lastActive=2026-08-28T15:07:23.609Z
2026-08-28 15:17:59.139: [INFO] OnDoneLoading sync enabled: 0
2026-08-28 15:17:59.139: [INFO] BookmarkModelLoaded, ids_reassigned: 0
2026-08-28 15:17:59.139: [INFO] BookmarksLoadDropped droppedNodes=0
2026-08-28 15:17:59.139: [INFO] BookmarksSnapshot Startup total=0 bar=0 other=0 mobile=0 showBar=0 showBarNTP=1
2026-08-28 15:17:59.370: [INFO] BookmarksSnapshot Shutdown total=0 bar=0 other=0 mobile=0 showBar=0 showBarNTP=1
2026-08-28 15:19:50.805: [INFO] CurrentProfilePath: C:\Users\Asus Menfix\eclipse-workspace\.metadata\.plugins\org.eclipse.swt\EBWebView\Default
2026-08-28 15:19:50.805: [INFO] Profiles total count: 1
2026-08-28 15:19:50.806: [INFO] Profile: name=Perfil 1 path=C:\Users\Asus Menfix\eclipse-workspace\.metadata\.plugins\org.eclipse.swt\EBWebView\Default lastActive=2026-08-28T15:07:23.609Z
2026-08-28 15:19:50.806: [INFO] LastUsedProfileDir: C:\Users\Asus Menfix\eclipse-workspace\.metadata\.plugins\org.eclipse.swt\EBWebView\Default
2026-08-28 15:19:50.806: [INFO] MostRecentlyActiveProfile: name=Perfil 1 path=C:\Users\Asus Menfix\eclipse-workspace\.metadata\.plugins\org.eclipse.swt\EBWebView\Default lastActive=2026-08-28T15:07:23.609Z
2026-08-28 15:19:50.806: [INFO] OnDoneLoading sync enabled: 0
2026-08-28 15:19:50.806: [INFO] BookmarkModelLoaded, ids_reassigned: 0
2026-08-28 15:19:50.806: [INFO] BookmarksLoadDropped droppedNodes=0
2026-08-28 15:19:50.806: [INFO] BookmarksSnapshot Startup total=0 bar=0 other=0 mobile=0 showBar=0 showBarNTP=1
2026-08-28 15:19:51.044: [INFO] BookmarksSnapshot Shutdown total=0 bar=0 other=0 mobile=0 showBar=0 showBarNTP=1
2026-08-28 15:20:45.584: [INFO] CurrentProfilePath: C:\Users\Asus Menfix\eclipse-workspace\.metadata\.plugins\org.eclipse.swt\EBWebView\Default
2026-08-28 15:20:45.584: [INFO] Profiles total count: 1
2026-08-28 15:20:45.585: [INFO] Profile: name=Perfil 1 path=C:\Users\Asus Menfix\eclipse-workspace\.metadata\.plugins\org.eclipse.swt\EBWebView\Default lastActive=2026-08-28T15:07:23.609Z
2026-08-28 15:20:45.585: [INFO] LastUsedProfileDir: C:\Users\Asus Menfix\eclipse-workspace\.metadata\.plugins\org.eclipse.swt\EBWebView\Default
2026-08-28 15:20:45.585: [INFO] MostRecentlyActiveProfile: name=Perfil 1 path=C:\Users\Asus Menfix\eclipse-workspace\.metadata\.plugins\org.eclipse.swt\EBWebView\Default lastActive=2026-08-28T15:07:23.609Z
2026-08-28 15:20:45.585: [INFO] OnDoneLoading sync enabled: 0
2026-08-28 15:20:45.585: [INFO] BookmarkModelLoaded, ids_reassigned: 0
2026-08-28 15:20:45.585: [INFO] BookmarksLoadDropped droppedNodes=0
2026-08-28 15:20:45.585: [INFO] BookmarksSnapshot Startup total=0 bar=0 other=0 mobile=0 showBar=0 showBarNTP=1
2026-08-28 15:20:45.785: [INFO] BookmarksSnapshot Shutdown total=0 bar=0 other=0 mobile=0 showBar=0 showBarNTP=1
2026-08-28 15:23:57.658: [INFO] CurrentProfilePath: C:\Users\Asus Menfix\eclipse-workspace\.metadata\.plugins\org.eclipse.swt\EBWebView\Default
2026-08-28 15:23:57.658: [INFO] Profiles total count: 1
2026-08-28 15:23:57.659: [INFO] Profile: name=Perfil 1 path=C:\Users\Asus Menfix\eclipse-workspace\.metadata\.plugins\org.eclipse.swt\EBWebView\Default lastActive=2026-08-28T15:07:23.609Z
2026-08-28 15:23:57.659: [INFO] LastUsedProfileDir: C:\Users\Asus Menfix\eclipse-workspace\.metadata\.plugins\org.eclipse.swt\EBWebView\Default
2026-08-28 15:23:57.659: [INFO] MostRecentlyActiveProfile: name=Perfil 1 path=C:\Users\Asus Menfix\eclipse-workspace\.metadata\.plugins\org.eclipse.swt\EBWebView\Default lastActive=2026-08-28T15:07:23.609Z
2026-08-28 15:23:57.659: [INFO] OnDoneLoading sync enabled: 0
2026-08-28 15:23:57.659: [INFO] BookmarkModelLoaded, ids_reassigned: 0
2026-08-28 15:23:57.659: [INFO] BookmarksLoadDropped droppedNodes=0
2026-08-28 15:23:57.659: [INFO] BookmarksSnapshot Startup total=0 bar=0 other=0 mobile=0 showBar=0 showBarNTP=1
2026-08-28 15:24:01.257: [INFO] BookmarksSnapshot Shutdown total=0 bar=0 other=0 mobile=0 showBar=0 showBarNTP=1
2026-08-28 15:24:27.732: [INFO] CurrentProfilePath: C:\Users\Asus Menfix\eclipse-workspace\.metadata\.plugins\org.eclipse.swt\EBWebView\Default
2026-08-28 15:24:27.732: [INFO] Profiles total count: 1
2026-08-28 15:24:27.733: [INFO] Profile: name=Perfil 1 path=C:\Users\Asus Menfix\eclipse-workspace\.metadata\.plugins\org.eclipse.swt\EBWebView\Default lastActive=2026-08-28T15:07:23.609Z
2026-08-28 15:24:27.733: [INFO] LastUsedProfileDir: C:\Users\Asus Menfix\eclipse-workspace\.metadata\.plugins\org.eclipse.swt\EBWebView\Default
2026-08-28 15:24:27.733: [INFO] MostRecentlyActiveProfile: name=Perfil 1 path=C:\Users\Asus Menfix\eclipse-workspace\.metadata\.plugins\org.eclipse.swt\EBWebView\Default lastActive=2026-08-28T15:07:23.609Z
2026-08-28 15:24:27.733: [INFO] OnDoneLoading sync enabled: 0
2026-08-28 15:24:27.733: [INFO] BookmarkModelLoaded, ids_reassigned: 0
2026-08-28 15:24:27.733: [INFO] BookmarksLoadDropped droppedNodes=0
2026-08-28 15:24:27.733: [INFO] BookmarksSnapshot Startup total=0 bar=0 other=0 mobile=0 showBar=0 showBarNTP=1
2026-08-28 18:42:03.480: [INFO] BookmarksSnapshot Shutdown total=0 bar=0 other=0 mobile=0 showBar=0 showBarNTP=1
2026-08-28 19:02:58.474: [INFO] CurrentProfilePath: C:\Users\Asus Menfix\eclipse-workspace\.metadata\.plugins\org.eclipse.swt\EBWebView\Default
2026-08-28 19:02:58.474: [INFO] Profiles total count: 1
2026-08-28 19:02:58.475: [INFO] Profile: name=Perfil 1 path=C:\Users\Asus Menfix\eclipse-workspace\.metadata\.plugins\org.eclipse.swt\EBWebView\Default lastActive=2026-08-28T15:07:23.609Z
2026-08-28 19:02:58.475: [INFO] LastUsedProfileDir: C:\Users\Asus Menfix\eclipse-workspace\.metadata\.plugins\org.eclipse.swt\EBWebView\Default
2026-08-28 19:02:58.475: [INFO] MostRecentlyActiveProfile: name=Perfil 1 path=C:\Users\Asus Menfix\eclipse-workspace\.metadata\.plugins\org.eclipse.swt\EBWebView\Default lastActive=2026-08-28T15:07:23.609Z
2026-08-28 19:02:58.475: [INFO] OnDoneLoading sync enabled: 0
2026-08-28 19:02:58.475: [INFO] BookmarkModelLoaded, ids_reassigned: 0
2026-08-28 19:02:58.475: [INFO] BookmarksLoadDropped droppedNodes=0
2026-08-28 19:02:58.475: [INFO] BookmarksSnapshot Startup total=0 bar=0 other=0 mobile=0 showBar=0 showBarNTP=1
2026-08-28 19:02:58.636: [INFO] BookmarksSnapshot Shutdown total=0 bar=0 other=0 mobile=0 showBar=0 showBarNTP=1
2026-08-28 19:05:10.392: [INFO] CurrentProfilePath: C:\Users\Asus Menfix\eclipse-workspace\.metadata\.plugins\org.eclipse.swt\EBWebView\Default
2026-08-28 19:05:10.392: [INFO] Profiles total count: 1
2026-08-28 19:05:10.393: [INFO] Profile: name=Perfil 1 path=C:\Users\Asus Menfix\eclipse-workspace\.metadata\.plugins\org.eclipse.swt\EBWebView\Default lastActive=2026-08-28T15:07:23.609Z
2026-08-28 19:05:10.393: [INFO] LastUsedProfileDir: C:\Users\Asus Menfix\eclipse-workspace\.metadata\.plugins\org.eclipse.swt\EBWebView\Default
2026-08-28 19:05:10.393: [INFO] MostRecentlyActiveProfile: name=Perfil 1 path=C:\Users\Asus Menfix\eclipse-workspace\.metadata\.plugins\org.eclipse.swt\EBWebView\Default lastActive=2026-08-28T15:07:23.609Z
2026-08-28 19:05:10.393: [INFO] OnDoneLoading sync enabled: 0
2026-08-28 19:05:10.393: [INFO] BookmarkModelLoaded, ids_reassigned: 0
2026-08-28 19:05:10.393: [INFO] BookmarksLoadDropped droppedNodes=0
2026-08-28 19:05:10.393: [INFO] BookmarksSnapshot Startup total=0 bar=0 other=0 mobile=0 showBar=0 showBarNTP=1
2026-08-28 19:05:10.690: [INFO] BookmarksSnapshot Shutdown total=0 bar=0 other=0 mobile=0 showBar=0 showBarNTP=1
2026-08-28 20:25:09.917: [INFO] CurrentProfilePath: C:\Users\Asus Menfix\eclipse-workspace\.metadata\.plugins\org.eclipse.swt\EBWebView\Default
2026-08-28 20:25:09.917: [INFO] Profiles total count: 1
2026-08-28 20:25:09.918: [INFO] Profile: name=Perfil 1 path=C:\Users\Asus Menfix\eclipse-workspace\.metadata\.plugins\org.eclipse.swt\EBWebView\Default lastActive=2026-08-28T15:07:23.609Z
2026-08-28 20:25:09.918: [INFO] LastUsedProfileDir: C:\Users\Asus Menfix\eclipse-workspace\.metadata\.plugins\org.eclipse.swt\EBWebView\Default
2026-08-28 20:25:09.918: [INFO] MostRecentlyActiveProfile: name=Perfil 1 path=C:\Users\Asus Menfix\eclipse-workspace\.metadata\.plugins\org.eclipse.swt\EBWebView\Default lastActive=2026-08-28T15:07:23.609Z
2026-08-28 20:25:09.918: [INFO] OnDoneLoading sync enabled: 0
2026-08-28 20:25:09.918: [INFO] BookmarkModelLoaded, ids_reassigned: 0
2026-08-28 20:25:09.918: [INFO] BookmarksLoadDropped droppedNodes=0
2026-08-28 20:25:09.918: [INFO] BookmarksSnapshot Startup total=0 bar=0 other=0 mobile=0 showBar=0 showBarNTP=1
2026-08-28 20:26:51.555: [INFO] BookmarksSnapshot Shutdown total=0 bar=0 other=0 mobile=0 showBar=0 showBarNTP=1
2026-08-29 15:16:38.697: [INFO] CurrentProfilePath: C:\Users\Asus Menfix\eclipse-workspace\.metadata\.plugins\org.eclipse.swt\EBWebView\Default
2026-08-29 15:16:38.697: [INFO] Profiles total count: 1
2026-08-29 15:16:38.698: [INFO] Profile: name=Perfil 1 path=C:\Users\Asus Menfix\eclipse-workspace\.metadata\.plugins\org.eclipse.swt\EBWebView\Default lastActive=2026-08-28T20:25:26.571Z
2026-08-29 15:16:38.698: [INFO] LastUsedProfileDir: C:\Users\Asus Menfix\eclipse-workspace\.metadata\.plugins\org.eclipse.swt\EBWebView\Default
2026-08-29 15:16:38.698: [INFO] MostRecentlyActiveProfile: name=Perfil 1 path=C:\Users\Asus Menfix\eclipse-workspace\.metadata\.plugins\org.eclipse.swt\EBWebView\Default lastActive=2026-08-28T20:25:26.571Z
2026-08-29 15:16:38.698: [INFO] OnDoneLoading sync enabled: 0
2026-08-29 15:16:38.698: [INFO] BookmarkModelLoaded, ids_reassigned: 0
2026-08-29 15:16:38.698: [INFO] BookmarksLoadDropped droppedNodes=0
2026-08-29 15:16:38.698: [INFO] BookmarksSnapshot Startup total=0 bar=0 other=0 mobile=0 showBar=0 showBarNTP=1
2026-08-29 15:16:46.004: [INFO] BookmarksSnapshot Shutdown total=0 bar=0 other=0 mobile=0 showBar=0 showBarNTP=1
2026-08-29 15:23:11.738: [INFO] CurrentProfilePath: C:\Users\Asus Menfix\eclipse-workspace\.metadata\.plugins\org.eclipse.swt\EBWebView\Default
2026-08-29 15:23:11.738: [INFO] Profiles total count: 1
2026-08-29 15:23:11.739: [INFO] Profile: name=Perfil 1 path=C:\Users\Asus Menfix\eclipse-workspace\.metadata\.plugins\org.eclipse.swt\EBWebView\Default lastActive=2026-08-29T15:16:44.642Z
2026-08-29 15:23:11.739: [INFO] LastUsedProfileDir: C:\Users\Asus Menfix\eclipse-workspace\.metadata\.plugins\org.eclipse.swt\EBWebView\Default
2026-08-29 15:23:11.739: [INFO] MostRecentlyActiveProfile: name=Perfil 1 path=C:\Users\Asus Menfix\eclipse-workspace\.metadata\.plugins\org.eclipse.swt\EBWebView\Default lastActive=2026-08-29T15:16:44.642Z
2026-08-29 15:23:11.739: [INFO] OnDoneLoading sync enabled: 0
2026-08-29 15:23:11.739: [INFO] BookmarkModelLoaded, ids_reassigned: 0
2026-08-29 15:23:11.739: [INFO] BookmarksLoadDropped droppedNodes=0
2026-08-29 15:23:11.739: [INFO] BookmarksSnapshot Startup total=0 bar=0 other=0 mobile=0 showBar=0 showBarNTP=1
2026-08-29 15:43:26.414: [INFO] BookmarksSnapshot Shutdown total=0 bar=0 other=0 mobile=0 showBar=0 showBarNTP=1
